Archive member included to satisfy reference by file (symbol)

c:/program files/microchip/xc8/v2.41/avr/bin/../lib/gcc/avr/5.4.0/avrxmega4/memx-const\libgcc.a(_copy_data.o)
                              build/default/production/mcc_generated_files/system/src/config_bits.o (__do_copy_data)
c:/program files/microchip/xc8/v2.41/avr/bin/../lib/gcc/avr/5.4.0/../../../../avr/lib/avrxmega4/memx-const\libc.a(exit.o)
                              C:/Program Files/Microchip/MPLABX/v6.05/packs/Microchip/AVR-Dx_DFP/2.2.159/xc8/avr/lib/avrxmega4/memx-const/crtavr128da48.o (exit)
c:/program files/microchip/xc8/v2.41/avr/bin/../lib/gcc/avr/5.4.0/../../../../avr/lib/avrxmega4/memx-const\libc.a(__sio_printf_doux.o)
                              build/default/production/main.o (_printf_cdopuxX)
c:/program files/microchip/xc8/v2.41/avr/bin/../lib/gcc/avr/5.4.0/../../../../avr/lib/avrxmega4/memx-const\libc.a(__fmt_d.o)
                              c:/program files/microchip/xc8/v2.41/avr/bin/../lib/gcc/avr/5.4.0/../../../../avr/lib/avrxmega4/memx-const\libc.a(__sio_printf_doux.o) (__fmt_d_needed)
c:/program files/microchip/xc8/v2.41/avr/bin/../lib/gcc/avr/5.4.0/../../../../avr/lib/avrxmega4/memx-const\libc.a(__fmt_o.o)
                              c:/program files/microchip/xc8/v2.41/avr/bin/../lib/gcc/avr/5.4.0/../../../../avr/lib/avrxmega4/memx-const\libc.a(__sio_printf_doux.o) (__fmt_o_needed)
c:/program files/microchip/xc8/v2.41/avr/bin/../lib/gcc/avr/5.4.0/../../../../avr/lib/avrxmega4/memx-const\libc.a(__fmt_s.o)
                              c:/program files/microchip/xc8/v2.41/avr/bin/../lib/gcc/avr/5.4.0/../../../../avr/lib/avrxmega4/memx-const\libc.a(__sio_printf_doux.o) (__fmt_s_needed)
c:/program files/microchip/xc8/v2.41/avr/bin/../lib/gcc/avr/5.4.0/../../../../avr/lib/avrxmega4/memx-const\libc.a(__fmt_u.o)
                              c:/program files/microchip/xc8/v2.41/avr/bin/../lib/gcc/avr/5.4.0/../../../../avr/lib/avrxmega4/memx-const\libc.a(__fmt_d.o) (__cvt_u)
c:/program files/microchip/xc8/v2.41/avr/bin/../lib/gcc/avr/5.4.0/../../../../avr/lib/avrxmega4/memx-const\libc.a(__fmt_x.o)
                              c:/program files/microchip/xc8/v2.41/avr/bin/../lib/gcc/avr/5.4.0/../../../../avr/lib/avrxmega4/memx-const\libc.a(__sio_printf_doux.o) (__fmt_x_needed)
c:/program files/microchip/xc8/v2.41/avr/bin/../lib/gcc/avr/5.4.0/../../../../avr/lib/avrxmega4/memx-const\libc.a(__pop_int.o)
                              c:/program files/microchip/xc8/v2.41/avr/bin/../lib/gcc/avr/5.4.0/../../../../avr/lib/avrxmega4/memx-const\libc.a(__sio_printf_doux.o) (__pop_int_needed)
c:/program files/microchip/xc8/v2.41/avr/bin/../lib/gcc/avr/5.4.0/../../../../avr/lib/avrxmega4/memx-const\libc.a(__printf_core.o)
                              c:/program files/microchip/xc8/v2.41/avr/bin/../lib/gcc/avr/5.4.0/../../../../avr/lib/avrxmega4/memx-const\libc.a(__fmt_d.o) (__pad)
c:/program files/microchip/xc8/v2.41/avr/bin/../lib/gcc/avr/5.4.0/../../../../avr/lib/avrxmega4/memx-const\libc.a(fputc.o)
                              c:/program files/microchip/xc8/v2.41/avr/bin/../lib/gcc/avr/5.4.0/../../../../avr/lib/avrxmega4/memx-const\libc.a(__printf_core.o) (fputc)
c:/program files/microchip/xc8/v2.41/avr/bin/../lib/gcc/avr/5.4.0/../../../../avr/lib/avrxmega4/memx-const\libc.a(puts.o)
                              build/default/production/main.o (puts)
c:/program files/microchip/xc8/v2.41/avr/bin/../lib/gcc/avr/5.4.0/../../../../avr/lib/avrxmega4/memx-const\libc.a(stdout.o)
                              build/default/production/mcc_generated_files/uart/src/usart1.o (_stdout)
c:/program files/microchip/xc8/v2.41/avr/bin/../lib/gcc/avr/5.4.0/../../../../avr/lib/avrxmega4/memx-const\libc.a(strlen.o)
                              c:/program files/microchip/xc8/v2.41/avr/bin/../lib/gcc/avr/5.4.0/../../../../avr/lib/avrxmega4/memx-const\libc.a(__fmt_s.o) (strlen)
c:/program files/microchip/xc8/v2.41/avr/bin/../lib/gcc/avr/5.4.0/../../../../avr/lib/avrxmega4/memx-const\libc.a(tolower.o)
                              c:/program files/microchip/xc8/v2.41/avr/bin/../lib/gcc/avr/5.4.0/../../../../avr/lib/avrxmega4/memx-const\libc.a(__printf_core.o) (tolower)
c:/program files/microchip/xc8/v2.41/avr/bin/../lib/gcc/avr/5.4.0/../../../../avr/lib/avrxmega4/memx-const\libc.a(toupper.o)
                              c:/program files/microchip/xc8/v2.41/avr/bin/../lib/gcc/avr/5.4.0/../../../../avr/lib/avrxmega4/memx-const\libc.a(__fmt_x.o) (toupper)
c:/program files/microchip/xc8/v2.41/avr/bin/../lib/gcc/avr/5.4.0/../../../../avr/lib/avrxmega4/memx-const\libc.a(errno.o)
                              c:/program files/microchip/xc8/v2.41/avr/bin/../lib/gcc/avr/5.4.0/../../../../avr/lib/avrxmega4/memx-const\libc.a(__printf_core.o) (__errno_val)
c:/program files/microchip/xc8/v2.41/avr/bin/../lib/gcc/avr/5.4.0/../../../../avr/lib/avrxmega4/memx-const\libc.a(_Exit.o)
[...]
Memory Configuration

Name             Origin             Length             Attributes
text             0x0000000000000400 0x000000000001fc00 xr
data             0x0000000000804000 0x0000000000004000 rw !x
eeprom           0x0000000000810000 0x0000000000000200 rw !x
fuse             0x0000000000820000 0x0000000000000010 rw !x
lock             0x0000000000830000 0x0000000000000400 rw !x
signature        0x0000000000840000 0x0000000000000400 rw !x
user_signatures  0x0000000000850000 0x0000000000000400 rw !x
bootrow          0x0000000000860000 0x0000000000000400 rw !x
*default*        0x0000000000000000 0xffffffffffffffff

Linker script and memory map

Address of section .data set to 0x804000
                0x0000000000008000                __RODATA_PM_OFFSET__ = 0x8000
LOAD C:/Program Files/Microchip/MPLABX/v6.05/packs/Microchip/AVR-Dx_DFP/2.2.159/xc8/avr/lib/avrxmega4/memx-const/crtavr128da48.o
                0x0000000000000001                __MPLAB_BUILD = 0x1
Address of section .text set to 0x400
LOAD build/default/production/mcc_generated_files/crc/src/crc.o
LOAD build/default/production/mcc_generated_files/nvm/src/nvm.o
LOAD build/default/production/mcc_generated_files/system/src/config_bits.o
LOAD build/default/production/mcc_generated_files/system/src/interrupt.o
LOAD build/default/production/mcc_generated_files/system/src/system.o
LOAD build/default/production/mcc_generated_files/system/src/pins.o
LOAD build/default/production/mcc_generated_files/system/src/clock.o
LOAD build/default/production/mcc_generated_files/system/src/protected_io.o
LOAD build/default/production/mcc_generated_files/timer/src/rtc.o
LOAD build/default/production/mcc_generated_files/uart/src/usart1.o
LOAD build/default/production/main.o
START GROUP
LOAD c:/program files/microchip/xc8/v2.41/avr/bin/../lib/gcc/avr/5.4.0/../../../../avr/lib/avrxmega4/memx-const\libm.a
END GROUP
START GROUP
LOAD c:/program files/microchip/xc8/v2.41/avr/bin/../lib/gcc/avr/5.4.0/avrxmega4/memx-const\libgcc.a
LOAD c:/program files/microchip/xc8/v2.41/avr/bin/../lib/gcc/avr/5.4.0/../../../../avr/lib/avrxmega4/memx-const\libm.a
LOAD c:/program files/microchip/xc8/v2.41/avr/bin/../lib/gcc/avr/5.4.0/../../../../avr/lib/avrxmega4/memx-const\libc.a
LOAD C:/Program Files/Microchip/MPLABX/v6.05/packs/Microchip/AVR-Dx_DFP/2.2.159/xc8/avr/lib/avrxmega4/memx-const\libavr128da48.a
END GROUP
                [0x0000000000000000]                __TEXT_REGION_ORIGIN__ = DEFINED (__TEXT_REGION_ORIGIN__)?__TEXT_REGION_ORIGIN__:0x0
                [0x0000000000804000]                __DATA_REGION_ORIGIN__ = DEFINED (__DATA_REGION_ORIGIN__)?__DATA_REGION_ORIGIN__:0x802000
                [0x0000000000020000]                __TEXT_REGION_LENGTH__ = DEFINED (__TEXT_REGION_LENGTH__)?__TEXT_REGION_LENGTH__:0x100000
                [0x0000000000004000]                __DATA_REGION_LENGTH__ = DEFINED (__DATA_REGION_LENGTH__)?__DATA_REGION_LENGTH__:0xffa0
                [0x0000000000000200]                __EEPROM_REGION_LENGTH__ = DEFINED (__EEPROM_REGION_LENGTH__)?__EEPROM_REGION_LENGTH__:0x10000
                [0x0000000000000010]                __FUSE_REGION_LENGTH__ = DEFINED (__FUSE_REGION_LENGTH__)?__FUSE_REGION_LENGTH__:0x400
                0x0000000000000400                __LOCK_REGION_LENGTH__ = DEFINED (__LOCK_REGION_LENGTH__)?__LOCK_REGION_LENGTH__:0x400
                0x0000000000000400                __SIGNATURE_REGION_LENGTH__ = DEFINED (__SIGNATURE_REGION_LENGTH__)?__SIGNATURE_REGION_LENGTH__:0x400
                0x0000000000000400                __USER_SIGNATURE_REGION_LENGTH__ = DEFINED (__USER_SIGNATURE_REGION_LENGTH__)?__USER_SIGNATURE_REGION_LENGTH__:0x400
                0x0000000000000400                __BOOTROW_REGION_LENGTH__ = DEFINED (__BOOTROW_REGION_LENGTH__)?__BOOTROW_REGION_LENGTH__:0x400

.hash
 *(.hash)

.dynsym
 *(.dynsym)

.dynstr
 *(.dynstr)

.gnu.version
 *(.gnu.version)

.gnu.version_d
 *(.gnu.version_d)

.gnu.version_r
 *(.gnu.version_r)

.rel.init
 *(.rel.init)

.rela.init
 *(.rela.init)

.rel.text
 *(.rel.text)
 *(.rel.text.*)
 *(.rel.gnu.linkonce.t*)

.rela.text
 *(.rela.text)
 *(.rela.text.*)
 *(.rela.gnu.linkonce.t*)

.rel.fini
 *(.rel.fini)

.rela.fini
 *(.rela.fini)

.rel.rodata
 *(.rel.rodata)
 *(.rel.rodata.*)
 *(.rel.gnu.linkonce.r*)

.rela.rodata
 *(.rela.rodata)
 *(.rela.rodata.*)
 *(.rela.gnu.linkonce.r*)

.rel.data
 *(.rel.data)
 *(.rel.data.*)
 *(.rel.gnu.linkonce.d*)

.rela.data
 *(.rela.data)
 *(.rela.data.*)
 *(.rela.gnu.linkonce.d*)

.rel.ctors
 *(.rel.ctors)

.rela.ctors
 *(.rela.ctors)

.rel.dtors
 *(.rel.dtors)

.rela.dtors
 *(.rela.dtors)

.rel.got
 *(.rel.got)

.rela.got
 *(.rela.got)

.rel.bss
 *(.rel.bss)

.rela.bss
 *(.rela.bss)

.rel.plt
 *(.rel.plt)

.rela.plt
 *(.rela.plt)

.text           0x0000000000000400      0x17c
 *(.vectors)
 .vectors       0x0000000000000400       0xe8 C:/Program Files/Microchip/MPLABX/v6.05/packs/Microchip/AVR-Dx_DFP/2.2.159/xc8/avr/lib/avrxmega4/memx-const/crtavr128da48.o
                0x0000000000000400                __vector_default
                0x0000000000000400                __vectors
 *(.vectors)
 *(.progmem.gcc*)
 *(.dinit)
 .dinit         0x00000000000004e8       0x3c data_init
                0x0000000000000524                . = ALIGN (0x2)
                0x0000000000000524                __trampolines_start = .
 *(.trampolines)
 .trampolines   0x0000000000000524        0x0 linker stubs
 *(.trampolines*)
                0x0000000000000524                __trampolines_end = .
 *libprintf_flt.a:*(.progmem.data)
 *libc.a:*(.progmem.data)
                0x0000000000000524                . = ALIGN (0x2)
 *(.jumptables)
 *(.jumptables*)
 *(.lowtext)
 *(.lowtext*)
                0x0000000000000524                __ctors_start = .
 *(.ctors)
                0x0000000000000524                __ctors_end = .
                0x0000000000000524                __dtors_start = .
 *(.dtors)
                0x0000000000000524                __dtors_end = .
 SORT(*)(.ctors)
 SORT(*)(.dtors)
 *(.init0)
 .init0         0x0000000000000524        0x0 C:/Program Files/Microchip/MPLABX/v6.05/packs/Microchip/AVR-Dx_DFP/2.2.159/xc8/avr/lib/avrxmega4/memx-const/crtavr128da48.o
                0x0000000000000524                __init
 *(.init0)
 *(.init1)
 *(.init1)
 *(.init2)
 .init2         0x0000000000000524        0xc C:/Program Files/Microchip/MPLABX/v6.05/packs/Microchip/AVR-Dx_DFP/2.2.159/xc8/avr/lib/avrxmega4/memx-const/crtavr128da48.o
 *(.init2)
 *(.init3)
 *(.init3)
 *(.init4)
 .init4         0x0000000000000530       0x40 c:/program files/microchip/xc8/v2.41/avr/bin/../lib/gcc/avr/5.4.0/avrxmega4/memx-const\libgcc.a(_copy_data.o)
                0x0000000000000530                __do_copy_data
                0x0000000000000562                __do_clear_bss
 *(.init4)
 *(.init5)
 *(.init5)
 *(.init6)
 *(.init6)
 *(.init7)
 *(.init7)
 *(.init8)
 *(.init8)
 *(.init9)
 .init9         0x0000000000000570        0x8 C:/Program Files/Microchip/MPLABX/v6.05/packs/Microchip/AVR-Dx_DFP/2.2.159/xc8/avr/lib/avrxmega4/memx-const/crtavr128da48.o
 *(.init9)
                0x0000000000000578                . = ALIGN (0x2)
 *(.fini9)
 .fini9         0x0000000000000578        0x0 c:/program files/microchip/xc8/v2.41/avr/bin/../lib/gcc/avr/5.4.0/avrxmega4/memx-const\libgcc.a(_exit.o)
                0x0000000000000578                _exit
 *(.fini9)
 *(.fini8)
 *(.fini8)
 *(.fini7)
 *(.fini7)
 *(.fini6)
 *(.fini6)
 *(.fini5)
 *(.fini5)
 *(.fini4)
 *(.fini4)
 *(.fini3)
 *(.fini3)
 *(.fini2)
 *(.fini2)
 *(.fini1)
 *(.fini1)
 *(.fini0)
 .fini0         0x0000000000000578        0x4 c:/program files/microchip/xc8/v2.41/avr/bin/../lib/gcc/avr/5.4.0/avrxmega4/memx-const\libgcc.a(_exit.o)
 *(.fini0)
                0x000000000000057c                _etext = .

.data           0x0000000000804000        0x0 load address 0x000000000000057c
                [!provide]                        PROVIDE (__data_start, .)
 *(.gnu.linkonce.d*)
 *(.gnu.linkonce.r*)
                0x0000000000804000                . = ALIGN (0x2)
                0x0000000000804000                _edata = .
                [!provide]                        PROVIDE (__data_end, .)

.bss            0x0000000000804000        0x2
                [!provide]                        PROVIDE (__bss_start, .)
 *(COMMON)
 COMMON         0x0000000000804000        0x2 c:/program files/microchip/xc8/v2.41/avr/bin/../lib/gcc/avr/5.4.0/../../../../avr/lib/avrxmega4/memx-const\libc.a(errno.o)
                0x0000000000804000                __errno_val
                [!provide]                        PROVIDE (__bss_end, .)
                0x000000000000057c                __data_load_start = LOADADDR (.data)
                0x000000000000057c                __data_load_end = (__data_load_start + SIZEOF (.data))

.noinit         0x0000000000804002        0x0
                [!provide]                        PROVIDE (__noinit_start, .)
 *(.noinit*)
                [!provide]                        PROVIDE (__noinit_end, .)
                0x0000000000804002                _end = .

.eeprom         0x0000000000810000        0x0
 *(.eeprom*)
                0x0000000000810000                __eeprom_end = .

.fuse           0x0000000000820000        0x9
 *(.fuse)
 .fuse          0x0000000000820000        0x9 build/default/production/mcc_generated_files/system/src/config_bits.o
                0x0000000000820000                __fuse
 *(.lfuse)
 *(.hfuse)
 *(.efuse)

.lock
 *(.lock*)

.signature
 *(.signature*)

.user_signatures
 *(.user_signatures*)

.bootrow
 *(.bootrow*)

.stab
 *(.stab)

.stabstr
 *(.stabstr)

.stab.excl
 *(.stab.excl)

.stab.exclstr
 *(.stab.exclstr)

.stab.index
 *(.stab.index)

.stab.indexstr
 *(.stab.indexstr)

.comment        0x0000000000000000       0x8a
 *(.comment)
 .comment       0x0000000000000000       0x2f build/default/production/mcc_generated_files/crc/src/crc.o
                                         0x30 (size before relaxing)
 .comment       0x000000000000002f       0x30 build/default/production/mcc_generated_files/nvm/src/nvm.o
 .comment       0x000000000000002f       0x2f build/default/production/mcc_generated_files/system/src/config_bits.o
                                         0x30 (size before relaxing)
 .comment       0x000000000000005e       0x30 build/default/production/mcc_generated_files/system/src/interrupt.o
 .comment       0x000000000000005e       0x30 build/default/production/mcc_generated_files/system/src/system.o
 .comment       0x000000000000005e       0x30 build/default/production/mcc_generated_files/system/src/pins.o
 .comment       0x000000000000005e       0x30 build/default/production/mcc_generated_files/system/src/clock.o
 .comment       0x000000000000005e       0x30 build/default/production/mcc_generated_files/timer/src/rtc.o
 .comment       0x000000000000005e       0x30 build/default/production/mcc_generated_files/uart/src/usart1.o
 .comment       0x000000000000005e       0x30 build/default/production/main.o
 .comment       0x000000000000005e       0x2c c:/program files/microchip/xc8/v2.41/avr/bin/../lib/gcc/avr/5.4.0/../../../../avr/lib/avrxmega4/memx-const\libc.a(exit.o)
                                         0x2d (size before relaxing)
 .comment       0x000000000000008a       0x2d c:/program files/microchip/xc8/v2.41/avr/bin/../lib/gcc/avr/5.4.0/../../../../avr/lib/avrxmega4/memx-const\libc.a(__sio_printf_doux.o)
 .comment       0x000000000000008a       0x2d c:/program files/microchip/xc8/v2.41/avr/bin/../lib/gcc/avr/5.4.0/../../../../avr/lib/avrxmega4/memx-const\libc.a(__fmt_d.o)
 .comment       0x000000000000008a       0x2d c:/program files/microchip/xc8/v2.41/avr/bin/../lib/gcc/avr/5.4.0/../../../../avr/lib/avrxmega4/memx-const\libc.a(__fmt_o.o)
 .comment       0x000000000000008a       0x2d c:/program files/microchip/xc8/v2.41/avr/bin/../lib/gcc/avr/5.4.0/../../../../avr/lib/avrxmega4/memx-const\libc.a(__fmt_s.o)
 .comment       0x000000000000008a       0x2d c:/program files/microchip/xc8/v2.41/avr/bin/../lib/gcc/avr/5.4.0/../../../../avr/lib/avrxmega4/memx-const\libc.a(__fmt_u.o)
 .comment       0x000000000000008a       0x2d c:/program files/microchip/xc8/v2.41/avr/bin/../lib/gcc/avr/5.4.0/../../../../avr/lib/avrxmega4/memx-const\libc.a(__fmt_x.o)
 .comment       0x000000000000008a       0x2d c:/program files/microchip/xc8/v2.41/avr/bin/../lib/gcc/avr/5.4.0/../../../../avr/lib/avrxmega4/memx-const\libc.a(__pop_int.o)
 .comment       0x000000000000008a       0x2d c:/program files/microchip/xc8/v2.41/avr/bin/../lib/gcc/avr/5.4.0/../../../../avr/lib/avrxmega4/memx-const\libc.a(__printf_core.o)
 .comment       0x000000000000008a       0x2d c:/program files/microchip/xc8/v2.41/avr/bin/../lib/gcc/avr/5.4.0/../../../../avr/lib/avrxmega4/memx-const\libc.a(fputc.o)
 .comment       0x000000000000008a       0x2d c:/program files/microchip/xc8/v2.41/avr/bin/../lib/gcc/avr/5.4.0/../../../../avr/lib/avrxmega4/memx-const\libc.a(puts.o)
 .comment       0x000000000000008a       0x2d c:/program files/microchip/xc8/v2.41/avr/bin/../lib/gcc/avr/5.4.0/../../../../avr/lib/avrxmega4/memx-const\libc.a(stdout.o)
 .comment       0x000000000000008a       0x2d c:/program files/microchip/xc8/v2.41/avr/bin/../lib/gcc/avr/5.4.0/../../../../avr/lib/avrxmega4/memx-const\libc.a(strlen.o)
 .comment       0x000000000000008a       0x2d c:/program files/microchip/xc8/v2.41/avr/bin/../lib/gcc/avr/5.4.0/../../../../avr/lib/avrxmega4/memx-const\libc.a(tolower.o)
 .comment       0x000000000000008a       0x2d c:/program files/microchip/xc8/v2.41/avr/bin/../lib/gcc/avr/5.4.0/../../../../avr/lib/avrxmega4/memx-const\libc.a(toupper.o)
 .comment       0x000000000000008a       0x2d c:/program files/microchip/xc8/v2.41/avr/bin/../lib/gcc/avr/5.4.0/../../../../avr/lib/avrxmega4/memx-const\libc.a(errno.o)
 .comment       0x000000000000008a       0x2d c:/program files/microchip/xc8/v2.41/avr/bin/../lib/gcc/avr/5.4.0/../../../../avr/lib/avrxmega4/memx-const\libc.a(_Exit.o)
 .comment       0x000000000000008a       0x2d c:/program files/microchip/xc8/v2.41/avr/bin/../lib/gcc/avr/5.4.0/../../../../avr/lib/avrxmega4/memx-const\libc.a(__int_vfprintf.o)
 .comment       0x000000000000008a       0x2d c:/program files/microchip/xc8/v2.41/avr/bin/../lib/gcc/avr/5.4.0/../../../../avr/lib/avrxmega4/memx-const\libc.a(fputs.o)

.stack.descriptors.hdr
                0x0000000000000000      0x134
 .stack.descriptors.hdr
                0x0000000000000000        0xe c:/program files/microchip/xc8/v2.41/avr/bin/../lib/gcc/avr/5.4.0/../../../../avr/lib/avrxmega4/memx-const\libc.a(exit.o)
 .stack.descriptors.hdr
                0x000000000000000e        0xe c:/program files/microchip/xc8/v2.41/avr/bin/../lib/gcc/avr/5.4.0/../../../../avr/lib/avrxmega4/memx-const\libc.a(__sio_printf_doux.o)
 .stack.descriptors.hdr
                0x000000000000001c        0xe c:/program files/microchip/xc8/v2.41/avr/bin/../lib/gcc/avr/5.4.0/../../../../avr/lib/avrxmega4/memx-const\libc.a(__fmt_d.o)
 .stack.descriptors.hdr
                0x000000000000002a        0xe c:/program files/microchip/xc8/v2.41/avr/bin/../lib/gcc/avr/5.4.0/../../../../avr/lib/avrxmega4/memx-const\libc.a(__fmt_o.o)
 .stack.descriptors.hdr
                0x0000000000000038        0xe c:/program files/microchip/xc8/v2.41/avr/bin/../lib/gcc/avr/5.4.0/../../../../avr/lib/avrxmega4/memx-const\libc.a(__fmt_s.o)
 .stack.descriptors.hdr
                0x0000000000000046        0xe c:/program files/microchip/xc8/v2.41/avr/bin/../lib/gcc/avr/5.4.0/../../../../avr/lib/avrxmega4/memx-const\libc.a(__fmt_u.o)
 .stack.descriptors.hdr
                0x0000000000000054        0xe c:/program files/microchip/xc8/v2.41/avr/bin/../lib/gcc/avr/5.4.0/../../../../avr/lib/avrxmega4/memx-const\libc.a(__fmt_x.o)
 .stack.descriptors.hdr
                0x0000000000000062        0xe c:/program files/microchip/xc8/v2.41/avr/bin/../lib/gcc/avr/5.4.0/../../../../avr/lib/avrxmega4/memx-const\libc.a(__pop_int.o)
 .stack.descriptors.hdr
                0x0000000000000070        0xe c:/program files/microchip/xc8/v2.41/avr/bin/../lib/gcc/avr/5.4.0/../../../../avr/lib/avrxmega4/memx-const\libc.a(__printf_core.o)
 .stack.descriptors.hdr
                0x000000000000007e        0xe c:/program files/microchip/xc8/v2.41/avr/bin/../lib/gcc/avr/5.4.0/../../../../avr/lib/avrxmega4/memx-const\libc.a(fputc.o)
 .stack.descriptors.hdr
                0x000000000000008c        0xe c:/program files/microchip/xc8/v2.41/avr/bin/../lib/gcc/avr/5.4.0/../../../../avr/lib/avrxmega4/memx-const\libc.a(puts.o)
 .stack.descriptors.hdr
                0x000000000000009a        0xe c:/program files/microchip/xc8/v2.41/avr/bin/../lib/gcc/avr/5.4.0/../../../../avr/lib/avrxmega4/memx-const\libc.a(stdout.o)
 .stack.descriptors.hdr
                0x00000000000000a8        0xe c:/program files/microchip/xc8/v2.41/avr/bin/../lib/gcc/avr/5.4.0/../../../../avr/lib/avrxmega4/memx-const\libc.a(strlen.o)
 .stack.descriptors.hdr
                0x00000000000000b6        0xe c:/program files/microchip/xc8/v2.41/avr/bin/../lib/gcc/avr/5.4.0/../../../../avr/lib/avrxmega4/memx-const\libc.a(tolower.o)
 .stack.descriptors.hdr
                0x00000000000000c4        0xe c:/program files/microchip/xc8/v2.41/avr/bin/../lib/gcc/avr/5.4.0/../../../../avr/lib/avrxmega4/memx-const\libc.a(toupper.o)
 .stack.descriptors.hdr
                0x00000000000000d2        0xe c:/program files/microchip/xc8/v2.41/avr/bin/../lib/gcc/avr/5.4.0/../../../../avr/lib/avrxmega4/memx-const\libc.a(errno.o)
 .stack.descriptors.hdr
                0x00000000000000e0        0xe c:/program files/microchip/xc8/v2.41/avr/bin/../lib/gcc/avr/5.4.0/../../../../avr/lib/avrxmega4/memx-const\libc.a(_Exit.o)
 .stack.descriptors.hdr
                0x00000000000000ee        0xe c:/program files/microchip/xc8/v2.41/avr/bin/../lib/gcc/avr/5.4.0/../../../../avr/lib/avrxmega4/memx-const\libc.a(__int_vfprintf.o)
 .stack.descriptors.hdr
                0x00000000000000fc        0xe c:/program files/microchip/xc8/v2.41/avr/bin/../lib/gcc/avr/5.4.0/../../../../avr/lib/avrxmega4/memx-const\libc.a(fputs.o)
 .stack.descriptors.hdr
                0x000000000000010a        0xe c:/program files/microchip/xc8/v2.41/avr/bin/../lib/gcc/avr/5.4.0/avrxmega4/memx-const\libgcc.a(_udivmodsi4.o)
 .stack.descriptors.hdr
                0x0000000000000118        0xe c:/program files/microchip/xc8/v2.41/avr/bin/../lib/gcc/avr/5.4.0/avrxmega4/memx-const\libgcc.a(_exit.o)
 .stack.descriptors.hdr
                0x0000000000000126        0xe c:/program files/microchip/xc8/v2.41/avr/bin/../lib/gcc/avr/5.4.0/avrxmega4/memx-const\libgcc.a(_xload_1.o)

.note.GNU-stack
                0x0000000000000000        0x0
 .note.GNU-stack
                0x0000000000000000        0x0 c:/program files/microchip/xc8/v2.41/avr/bin/../lib/gcc/avr/5.4.0/../../../../avr/lib/avrxmega4/memx-const\libc.a(exit.o)
 .note.GNU-stack
                0x0000000000000000        0x0 c:/program files/microchip/xc8/v2.41/avr/bin/../lib/gcc/avr/5.4.0/../../../../avr/lib/avrxmega4/memx-const\libc.a(__sio_printf_doux.o)
 .note.GNU-stack
                0x0000000000000000        0x0 c:/program files/microchip/xc8/v2.41/avr/bin/../lib/gcc/avr/5.4.0/../../../../avr/lib/avrxmega4/memx-const\libc.a(__fmt_d.o)
 .note.GNU-stack
                0x0000000000000000        0x0 c:/program files/microchip/xc8/v2.41/avr/bin/../lib/gcc/avr/5.4.0/../../../../avr/lib/avrxmega4/memx-const\libc.a(__fmt_o.o)
 .note.GNU-stack
                0x0000000000000000        0x0 c:/program files/microchip/xc8/v2.41/avr/bin/../lib/gcc/avr/5.4.0/../../../../avr/lib/avrxmega4/memx-const\libc.a(__fmt_s.o)
 .note.GNU-stack
                0x0000000000000000        0x0 c:/program files/microchip/xc8/v2.41/avr/bin/../lib/gcc/avr/5.4.0/../../../../avr/lib/avrxmega4/memx-const\libc.a(__fmt_u.o)
 .note.GNU-stack
                0x0000000000000000        0x0 c:/program files/microchip/xc8/v2.41/avr/bin/../lib/gcc/avr/5.4.0/../../../../avr/lib/avrxmega4/memx-const\libc.a(__fmt_x.o)
 .note.GNU-stack
                0x0000000000000000        0x0 c:/program files/microchip/xc8/v2.41/avr/bin/../lib/gcc/avr/5.4.0/../../../../avr/lib/avrxmega4/memx-const\libc.a(__pop_int.o)
 .note.GNU-stack
                0x0000000000000000        0x0 c:/program files/microchip/xc8/v2.41/avr/bin/../lib/gcc/avr/5.4.0/../../../../avr/lib/avrxmega4/memx-const\libc.a(__printf_core.o)
 .note.GNU-stack
                0x0000000000000000        0x0 c:/program files/microchip/xc8/v2.41/avr/bin/../lib/gcc/avr/5.4.0/../../../../avr/lib/avrxmega4/memx-const\libc.a(fputc.o)
 .note.GNU-stack
                0x0000000000000000        0x0 c:/program files/microchip/xc8/v2.41/avr/bin/../lib/gcc/avr/5.4.0/../../../../avr/lib/avrxmega4/memx-const\libc.a(puts.o)
 .note.GNU-stack
                0x0000000000000000        0x0 c:/program files/microchip/xc8/v2.41/avr/bin/../lib/gcc/avr/5.4.0/../../../../avr/lib/avrxmega4/memx-const\libc.a(stdout.o)
 .note.GNU-stack
                0x0000000000000000        0x0 c:/program files/microchip/xc8/v2.41/avr/bin/../lib/gcc/avr/5.4.0/../../../../avr/lib/avrxmega4/memx-const\libc.a(strlen.o)
 .note.GNU-stack
                0x0000000000000000        0x0 c:/program files/microchip/xc8/v2.41/avr/bin/../lib/gcc/avr/5.4.0/../../../../avr/lib/avrxmega4/memx-const\libc.a(tolower.o)
 .note.GNU-stack
                0x0000000000000000        0x0 c:/program files/microchip/xc8/v2.41/avr/bin/../lib/gcc/avr/5.4.0/../../../../avr/lib/avrxmega4/memx-const\libc.a(toupper.o)
 .note.GNU-stack
                0x0000000000000000        0x0 c:/program files/microchip/xc8/v2.41/avr/bin/../lib/gcc/avr/5.4.0/../../../../avr/lib/avrxmega4/memx-const\libc.a(errno.o)
 .note.GNU-stack
                0x0000000000000000        0x0 c:/program files/microchip/xc8/v2.41/avr/bin/../lib/gcc/avr/5.4.0/../../../../avr/lib/avrxmega4/memx-const\libc.a(_Exit.o)
 .note.GNU-stack
                0x0000000000000000        0x0 c:/program files/microchip/xc8/v2.41/avr/bin/../lib/gcc/avr/5.4.0/../../../../avr/lib/avrxmega4/memx-const\libc.a(__int_vfprintf.o)
 .note.GNU-stack
                0x0000000000000000        0x0 c:/program files/microchip/xc8/v2.41/avr/bin/../lib/gcc/avr/5.4.0/../../../../avr/lib/avrxmega4/memx-const\libc.a(fputs.o)

.note.gnu.build-id
 *(.note.gnu.build-id)

.debug
 *(.debug)

.line
 *(.line)

.debug_srcinfo
 *(.debug_srcinfo)

.debug_sfnames
 *(.debug_sfnames)

.debug_aranges  0x0000000000000000      0x3d8
 *(.debug_aranges)
 .debug_aranges
                0x0000000000000000       0x30 build/default/production/mcc_generated_files/crc/src/crc.o
 .debug_aranges
                0x0000000000000030       0x88 build/default/production/mcc_generated_files/nvm/src/nvm.o
 .debug_aranges
                0x00000000000000b8       0x18 build/default/production/mcc_generated_files/system/src/config_bits.o
 .debug_aranges
                0x00000000000000d0       0x20 build/default/production/mcc_generated_files/system/src/interrupt.o
 .debug_aranges
                0x00000000000000f0       0x20 build/default/production/mcc_generated_files/system/src/system.o
 .debug_aranges
                0x0000000000000110       0x90 build/default/production/mcc_generated_files/system/src/pins.o
 .debug_aranges
                0x00000000000001a0       0x20 build/default/production/mcc_generated_files/system/src/clock.o
 .debug_aranges
                0x00000000000001c0       0x20 build/default/production/mcc_generated_files/system/src/protected_io.o
 .debug_aranges
                0x00000000000001e0       0xc8 build/default/production/mcc_generated_files/timer/src/rtc.o
 .debug_aranges
                0x00000000000002a8       0xe0 build/default/production/mcc_generated_files/uart/src/usart1.o
 .debug_aranges
                0x0000000000000388       0x50 build/default/production/main.o

.debug_pubnames
 *(.debug_pubnames)

.debug_info     0x0000000000000000     0x87c6
 *(.debug_info .gnu.linkonce.wi.*)
 .debug_info    0x0000000000000000     0x3227 C:/Program Files/Microchip/MPLABX/v6.05/packs/Microchip/AVR-Dx_DFP/2.2.159/xc8/avr/lib/avrxmega4/memx-const/crtavr128da48.o
 .debug_info    0x0000000000003227      0x3c9 build/default/production/mcc_generated_files/crc/src/crc.o
 .debug_info    0x00000000000035f0      0xd9e build/default/production/mcc_generated_files/nvm/src/nvm.o
 .debug_info    0x000000000000438e      0x89c build/default/production/mcc_generated_files/system/src/config_bits.o
 .debug_info    0x0000000000004c2a      0x434 build/default/production/mcc_generated_files/system/src/interrupt.o
 .debug_info    0x000000000000505e      0x38f build/default/production/mcc_generated_files/system/src/system.o
 .debug_info    0x00000000000053ed      0xa0c build/default/production/mcc_generated_files/system/src/pins.o
 .debug_info    0x0000000000005df9      0x77b build/default/production/mcc_generated_files/system/src/clock.o
 .debug_info    0x0000000000006574       0xb7 build/default/production/mcc_generated_files/system/src/protected_io.o
 .debug_info    0x000000000000662b      0x97b build/default/production/mcc_generated_files/timer/src/rtc.o
 .debug_info    0x0000000000006fa6      0xf92 build/default/production/mcc_generated_files/uart/src/usart1.o
 .debug_info    0x0000000000007f38      0x88e build/default/production/main.o

.debug_abbrev   0x0000000000000000     0x3ccd
 *(.debug_abbrev)
 .debug_abbrev  0x0000000000000000     0x2f80 C:/Program Files/Microchip/MPLABX/v6.05/packs/Microchip/AVR-Dx_DFP/2.2.159/xc8/avr/lib/avrxmega4/memx-const/crtavr128da48.o
 .debug_abbrev  0x0000000000002f80       0xa4 build/default/production/mcc_generated_files/crc/src/crc.o
 .debug_abbrev  0x0000000000003024      0x24b build/default/production/mcc_generated_files/nvm/src/nvm.o
 .debug_abbrev  0x000000000000326f       0x97 build/default/production/mcc_generated_files/system/src/config_bits.o
 .debug_abbrev  0x0000000000003306       0xfa build/default/production/mcc_generated_files/system/src/interrupt.o
 .debug_abbrev  0x0000000000003400       0x58 build/default/production/mcc_generated_files/system/src/system.o
 .debug_abbrev  0x0000000000003458      0x14a build/default/production/mcc_generated_files/system/src/pins.o
 .debug_abbrev  0x00000000000035a2      0x11d build/default/production/mcc_generated_files/system/src/clock.o
 .debug_abbrev  0x00000000000036bf       0x14 build/default/production/mcc_generated_files/system/src/protected_io.o
 .debug_abbrev  0x00000000000036d3      0x14c build/default/production/mcc_generated_files/timer/src/rtc.o
 .debug_abbrev  0x000000000000381f      0x2e2 build/default/production/mcc_generated_files/uart/src/usart1.o
 .debug_abbrev  0x0000000000003b01      0x1cc build/default/production/main.o

.debug_line     0x0000000000000000     0x1db0
 *(.debug_line .debug_line.* .debug_line_end)
 .debug_line    0x0000000000000000      0x1f6 C:/Program Files/Microchip/MPLABX/v6.05/packs/Microchip/AVR-Dx_DFP/2.2.159/xc8/avr/lib/avrxmega4/memx-const/crtavr128da48.o
 .debug_line    0x00000000000001f6      0x16b build/default/production/mcc_generated_files/crc/src/crc.o
 .debug_line    0x0000000000000361      0x385 build/default/production/mcc_generated_files/nvm/src/nvm.o
 .debug_line    0x00000000000006e6      0x103 build/default/production/mcc_generated_files/system/src/config_bits.o
 .debug_line    0x00000000000007e9      0x19c build/default/production/mcc_generated_files/system/src/interrupt.o
 .debug_line    0x0000000000000985      0x19d build/default/production/mcc_generated_files/system/src/system.o
 .debug_line    0x0000000000000b22      0x458 build/default/production/mcc_generated_files/system/src/pins.o
 .debug_line    0x0000000000000f7a      0x17e build/default/production/mcc_generated_files/system/src/clock.o
 .debug_line    0x00000000000010f8       0x73 build/default/production/mcc_generated_files/system/src/protected_io.o
 .debug_line    0x000000000000116b      0x3db build/default/production/mcc_generated_files/timer/src/rtc.o
 .debug_line    0x0000000000001546      0x505 build/default/production/mcc_generated_files/uart/src/usart1.o
 .debug_line    0x0000000000001a4b      0x365 build/default/production/main.o

.debug_frame    0x0000000000000000      0x898
 *(.debug_frame)
 .debug_frame   0x0000000000000000       0x44 build/default/production/mcc_generated_files/crc/src/crc.o
 .debug_frame   0x0000000000000044      0x174 build/default/production/mcc_generated_files/nvm/src/nvm.o
 .debug_frame   0x00000000000001b8       0x24 build/default/production/mcc_generated_files/system/src/interrupt.o
 .debug_frame   0x00000000000001dc       0x24 build/default/production/mcc_generated_files/system/src/system.o
 .debug_frame   0x0000000000000200      0x160 build/default/production/mcc_generated_files/system/src/pins.o
 .debug_frame   0x0000000000000360       0x24 build/default/production/mcc_generated_files/system/src/clock.o
 .debug_frame   0x0000000000000384      0x204 build/default/production/mcc_generated_files/timer/src/rtc.o
 .debug_frame   0x0000000000000588      0x1ac build/default/production/mcc_generated_files/uart/src/usart1.o
 .debug_frame   0x0000000000000734      0x164 build/default/production/main.o

.debug_str      0x0000000000000000     0x16b4
 *(.debug_str)
 .debug_str     0x0000000000000000     0x153f C:/Program Files/Microchip/MPLABX/v6.05/packs/Microchip/AVR-Dx_DFP/2.2.159/xc8/avr/lib/avrxmega4/memx-const/crtavr128da48.o
 .debug_str     0x000000000000153f        0x0 build/default/production/mcc_generated_files/crc/src/crc.o
 .debug_str     0x000000000000153f       0x1b build/default/production/mcc_generated_files/nvm/src/nvm.o
 .debug_str     0x000000000000155a        0x0 build/default/production/mcc_generated_files/system/src/config_bits.o
 .debug_str     0x000000000000155a       0x13 build/default/production/mcc_generated_files/system/src/interrupt.o
 .debug_str     0x000000000000156d       0x79 build/default/production/mcc_generated_files/system/src/system.o
 .debug_str     0x00000000000015e6       0x25 build/default/production/mcc_generated_files/system/src/pins.o
 .debug_str     0x000000000000160b       0x13 build/default/production/mcc_generated_files/system/src/clock.o
 .debug_str     0x000000000000161e        0x9 build/default/production/mcc_generated_files/timer/src/rtc.o
 .debug_str     0x0000000000001627       0x10 build/default/production/mcc_generated_files/uart/src/usart1.o
 .debug_str     0x0000000000001637       0x7d build/default/production/main.o

.debug_loc      0x0000000000000000      0x6f4
 *(.debug_loc)
 .debug_loc     0x0000000000000000      0x3b1 build/default/production/mcc_generated_files/nvm/src/nvm.o
 .debug_loc     0x00000000000003b1       0x2a build/default/production/mcc_generated_files/system/src/interrupt.o
 .debug_loc     0x00000000000003db      0x171 build/default/production/mcc_generated_files/system/src/clock.o
 .debug_loc     0x000000000000054c       0x9e build/default/production/mcc_generated_files/uart/src/usart1.o
 .debug_loc     0x00000000000005ea      0x10a build/default/production/main.o

.debug_macinfo
 *(.debug_macinfo)

.debug_weaknames
 *(.debug_weaknames)

.debug_funcnames
 *(.debug_funcnames)

.debug_typenames
 *(.debug_typenames)

.debug_varnames
 *(.debug_varnames)

.debug_pubtypes
 *(.debug_pubtypes)

.debug_ranges   0x0000000000000000      0x310
 *(.debug_ranges)
 .debug_ranges  0x0000000000000000       0x20 build/default/production/mcc_generated_files/crc/src/crc.o
 .debug_ranges  0x0000000000000020       0x78 build/default/production/mcc_generated_files/nvm/src/nvm.o
 .debug_ranges  0x0000000000000098       0x10 build/default/production/mcc_generated_files/system/src/interrupt.o
 .debug_ranges  0x00000000000000a8       0x10 build/default/production/mcc_generated_files/system/src/system.o
 .debug_ranges  0x00000000000000b8       0x80 build/default/production/mcc_generated_files/system/src/pins.o
 .debug_ranges  0x0000000000000138       0x10 build/default/production/mcc_generated_files/system/src/clock.o
 .debug_ranges  0x0000000000000148       0xb8 build/default/production/mcc_generated_files/timer/src/rtc.o
 .debug_ranges  0x0000000000000200       0xd0 build/default/production/mcc_generated_files/uart/src/usart1.o
 .debug_ranges  0x00000000000002d0       0x40 build/default/production/main.o

.debug_macro
 *(.debug_macro)
OUTPUT(dist/default/production/avr128da48-crc-scan-on-flash.X.production.elf elf32-avr)
LOAD linker stubs
LOAD data_init

.note.gnu.avr.deviceinfo
                0x0000000000000000       0x40
 .note.gnu.avr.deviceinfo
                0x0000000000000000       0x40 C:/Program Files/Microchip/MPLABX/v6.05/packs/Microchip/AVR-Dx_DFP/2.2.159/xc8/avr/lib/avrxmega4/memx-const/crtavr128da48.o

.bss.LED0_InterruptHandler
                0x000000000080401b        0x2
 .bss.LED0_InterruptHandler
                0x000000000080401b        0x2 build/default/production/mcc_generated_files/system/src/pins.o

.bss.SW0_InterruptHandler
                0x000000000080401d        0x2
 .bss.SW0_InterruptHandler
                0x000000000080401d        0x2 build/default/production/mcc_generated_files/system/src/pins.o

.bss.IO_PC0_InterruptHandler
                0x000000000080401f        0x2
 .bss.IO_PC0_InterruptHandler
                0x000000000080401f        0x2 build/default/production/mcc_generated_files/system/src/pins.o

.bss.IO_PC1_InterruptHandler
                0x0000000000804021        0x2
 .bss.IO_PC1_InterruptHandler
                0x0000000000804021        0x2 build/default/production/mcc_generated_files/system/src/pins.o

.bss.RTC_PIT_isr_cb
                0x0000000000804023        0x2
 .bss.RTC_PIT_isr_cb
                0x0000000000804023        0x2 build/default/production/mcc_generated_files/timer/src/rtc.o
                0x0000000000804023                RTC_PIT_isr_cb

.bss.RTC_CMP_isr_cb
                0x0000000000804025        0x2
 .bss.RTC_CMP_isr_cb
                0x0000000000804025        0x2 build/default/production/mcc_generated_files/timer/src/rtc.o
                0x0000000000804025                RTC_CMP_isr_cb

.bss.RTC_OVF_isr_cb
                0x0000000000804027        0x2
 .bss.RTC_OVF_isr_cb
                0x0000000000804027        0x2 build/default/production/mcc_generated_files/timer/src/rtc.o
                0x0000000000804027                RTC_OVF_isr_cb

.bss.USART1_ParityErrorHandler
                0x0000000000804029        0x2
 .bss.USART1_ParityErrorHandler
                0x0000000000804029        0x2 build/default/production/mcc_generated_files/uart/src/usart1.o
                0x0000000000804029                USART1_ParityErrorHandler

.bss.USART1_OverrunErrorHandler
                0x000000000080402b        0x2
 .bss.USART1_OverrunErrorHandler
                0x000000000080402b        0x2 build/default/production/mcc_generated_files/uart/src/usart1.o
                0x000000000080402b                USART1_OverrunErrorHandler

.bss.USART1_FramingErrorHandler
                0x000000000080402d        0x2
 .bss.USART1_FramingErrorHandler
                0x000000000080402d        0x2 build/default/production/mcc_generated_files/uart/src/usart1.o
                0x000000000080402d                USART1_FramingErrorHandler

.bss.usart1RxLastError
                0x000000000080402f        0x2
 .bss.usart1RxLastError
                0x000000000080402f        0x2 build/default/production/mcc_generated_files/uart/src/usart1.o

.bss.preCalculatedCRC
                0x0000000000804013        0x4
 .bss.preCalculatedCRC
                0x0000000000804013        0x4 build/default/production/main.o
                0x0000000000804013                preCalculatedCRC

.bss.switchPressFlag
                0x0000000000804036        0x1
 .bss.switchPressFlag
                0x0000000000804036        0x1 build/default/production/main.o
                0x0000000000804036                switchPressFlag

.bss.__stdout   0x0000000000804033        0x2
 .bss.__stdout  0x0000000000804033        0x2 c:/program files/microchip/xc8/v2.41/avr/bin/../lib/gcc/avr/5.4.0/../../../../avr/lib/avrxmega4/memx-const\libc.a(stdout.o)

.progmemx.data  0x000000000000057c      0x14b
 .progmemx.data
                0x000000000000057c      0x14b build/default/production/main.o

.progmemx.data.state_table
                0x00000000000006c7       0x16
 .progmemx.data.state_table
                0x00000000000006c7       0x16 c:/program files/microchip/xc8/v2.41/avr/bin/../lib/gcc/avr/5.4.0/../../../../avr/lib/avrxmega4/memx-const\libc.a(__printf_core.o)

.progmemx.data.nuls.2781
                0x00000000000006dd        0x7
 .progmemx.data.nuls.2781
                0x00000000000006dd        0x7 c:/program files/microchip/xc8/v2.41/avr/bin/../lib/gcc/avr/5.4.0/../../../../avr/lib/avrxmega4/memx-const\libc.a(__fmt_s.o)

.progmemx.data.nilstr.2962
                0x00000000000006e4        0x6
 .progmemx.data.nilstr.2962
                0x00000000000006e4        0x6 c:/program files/microchip/xc8/v2.41/avr/bin/../lib/gcc/avr/5.4.0/../../../../avr/lib/avrxmega4/memx-const\libc.a(__printf_core.o)

.text.vfpfcnvrt
                0x00000000000006ea      0x4d2
 .text.vfpfcnvrt
                0x00000000000006ea      0x4d2 c:/program files/microchip/xc8/v2.41/avr/bin/../lib/gcc/avr/5.4.0/../../../../avr/lib/avrxmega4/memx-const\libc.a(__printf_core.o)
                0x00000000000006ea                vfpfcnvrt

.text.__fmt_x   0x0000000000000bbc      0x1da
 .text.__fmt_x  0x0000000000000bbc      0x1da c:/program files/microchip/xc8/v2.41/avr/bin/../lib/gcc/avr/5.4.0/../../../../avr/lib/avrxmega4/memx-const\libc.a(__fmt_x.o)
                0x0000000000000bbc                __fmt_x_needed
                0x0000000000000bbc                __fmt_x

.text.PIN_MANAGER_Initialize
                0x0000000000000d96      0x12c
 .text.PIN_MANAGER_Initialize
                0x0000000000000d96      0x12c build/default/production/mcc_generated_files/system/src/pins.o
                0x0000000000000d96                PIN_MANAGER_Initialize

.text.FLASH_WriteFlashBlock
                0x0000000000000ec2      0x11c
 .text.FLASH_WriteFlashBlock
                0x0000000000000ec2      0x11c build/default/production/main.o
                0x0000000000000ec2                FLASH_WriteFlashBlock

.text.ApplicationTask
                0x0000000000000fde       0xe6
 .text.ApplicationTask
                0x0000000000000fde       0xe6 build/default/production/main.o
                0x0000000000000fde                ApplicationTask

.text.__fmt_d   0x00000000000010c4       0xe6
 .text.__fmt_d  0x00000000000010c4       0xe6 c:/program files/microchip/xc8/v2.41/avr/bin/../lib/gcc/avr/5.4.0/../../../../avr/lib/avrxmega4/memx-const\libc.a(__fmt_d.o)
                0x00000000000010c4                __fmt_d
                0x00000000000010c4                __fmt_d_needed

.text.main      0x00000000000011aa       0xe0
 .text.main     0x00000000000011aa       0xe0 build/default/production/main.o
                0x00000000000011aa                main

.text.__pop_int
                0x000000000000128a       0xda
 .text.__pop_int
                0x000000000000128a       0xda c:/program files/microchip/xc8/v2.41/avr/bin/../lib/gcc/avr/5.4.0/../../../../avr/lib/avrxmega4/memx-const\libc.a(__pop_int.o)
                0x000000000000128a                __pop_int_needed
                0x000000000000128a                __pop_int

.text.__cvt_u   0x0000000000001364       0xca
 .text.__cvt_u  0x0000000000001364       0xca c:/program files/microchip/xc8/v2.41/avr/bin/../lib/gcc/avr/5.4.0/../../../../avr/lib/avrxmega4/memx-const\libc.a(__fmt_u.o)
                0x0000000000001364                __cvt_u

.text.__fmt_o   0x000000000000142e       0xb4
 .text.__fmt_o  0x000000000000142e       0xb4 c:/program files/microchip/xc8/v2.41/avr/bin/../lib/gcc/avr/5.4.0/../../../../avr/lib/avrxmega4/memx-const\libc.a(__fmt_o.o)
                0x000000000000142e                __fmt_o
                0x000000000000142e                __fmt_o_needed

.text.__fmt_state
                0x00000000000014e2       0xa4
 .text.__fmt_state
                0x00000000000014e2       0xa4 c:/program files/microchip/xc8/v2.41/avr/bin/../lib/gcc/avr/5.4.0/../../../../avr/lib/avrxmega4/memx-const\libc.a(__printf_core.o)
                0x00000000000014e2                __fmt_state

.text.__pad     0x0000000000001586       0x96
 .text.__pad    0x0000000000001586       0x96 c:/program files/microchip/xc8/v2.41/avr/bin/../lib/gcc/avr/5.4.0/../../../../avr/lib/avrxmega4/memx-const\libc.a(__printf_core.o)
                0x0000000000001586                __pad

.text.FLASH_RowWrite
                0x000000000000161c       0x92
 .text.FLASH_RowWrite
                0x000000000000161c       0x92 build/default/production/mcc_generated_files/nvm/src/nvm.o
                0x000000000000161c                FLASH_RowWrite

.text.__printf_core
                0x00000000000016ae       0x92
 .text.__printf_core
                0x00000000000016ae       0x92 c:/program files/microchip/xc8/v2.41/avr/bin/../lib/gcc/avr/5.4.0/../../../../avr/lib/avrxmega4/memx-const\libc.a(__printf_core.o)
                0x00000000000016ae                __printf_core

.text.fputc     0x0000000000001740       0x92
 .text.fputc    0x0000000000001740       0x92 c:/program files/microchip/xc8/v2.41/avr/bin/../lib/gcc/avr/5.4.0/../../../../avr/lib/avrxmega4/memx-const\libc.a(fputc.o)
                0x0000000000001740                fputc
                0x0000000000001740                putc

.text.__fmt_u   0x00000000000017d2       0x90
 .text.__fmt_u  0x00000000000017d2       0x90 c:/program files/microchip/xc8/v2.41/avr/bin/../lib/gcc/avr/5.4.0/../../../../avr/lib/avrxmega4/memx-const\libc.a(__fmt_u.o)
                0x00000000000017d2                __fmt_u_needed
                0x00000000000017d2                __fmt_u

.text.__vector_29
                0x0000000000001862       0x88
 .text.__vector_29
                0x0000000000001862       0x88 build/default/production/mcc_generated_files/system/src/pins.o
                0x0000000000001862                __vector_29

.text.__vector_3
                0x00000000000018ea       0x7e
 .text.__vector_3
                0x00000000000018ea       0x7e build/default/production/mcc_generated_files/timer/src/rtc.o
                0x00000000000018ea                __vector_3

.text.read_prec_or_width
                0x0000000000001968       0x7e
 .text.read_prec_or_width
                0x0000000000001968       0x7e c:/program files/microchip/xc8/v2.41/avr/bin/../lib/gcc/avr/5.4.0/../../../../avr/lib/avrxmega4/memx-const\libc.a(__printf_core.o)

.text.__fmt_s   0x00000000000019e6       0x7a
 .text.__fmt_s  0x00000000000019e6       0x7a c:/program files/microchip/xc8/v2.41/avr/bin/../lib/gcc/avr/5.4.0/../../../../avr/lib/avrxmega4/memx-const\libc.a(__fmt_s.o)
                0x00000000000019e6                __fmt_s
                0x00000000000019e6                __fmt_0_needed
                0x00000000000019e6                __fmt_s_needed

.text.fputs     0x0000000000001a60       0x78
 .text.fputs    0x0000000000001a60       0x78 c:/program files/microchip/xc8/v2.41/avr/bin/../lib/gcc/avr/5.4.0/../../../../avr/lib/avrxmega4/memx-const\libc.a(fputs.o)
                0x0000000000001a60                fputs
                0x0000000000001a60                fputs_unlocked

.text.CLOCK_Initialize
                0x0000000000001ad8       0x6e
 .text.CLOCK_Initialize
                0x0000000000001ad8       0x6e build/default/production/mcc_generated_files/system/src/clock.o
                0x0000000000001ad8                CLOCK_Initialize

.text.__out     0x0000000000001b46       0x6a
 .text.__out    0x0000000000001b46       0x6a c:/program files/microchip/xc8/v2.41/avr/bin/../lib/gcc/avr/5.4.0/../../../../avr/lib/avrxmega4/memx-const\libc.a(__printf_core.o)
                0x0000000000001b46                __out

.text.__vector_4
                0x0000000000001bb0       0x60
 .text.__vector_4
                0x0000000000001bb0       0x60 build/default/production/mcc_generated_files/timer/src/rtc.o
                0x0000000000001bb0                __vector_4

.text.USART1_Initialize
                0x0000000000001c10       0x5c
 .text.USART1_Initialize
                0x0000000000001c10       0x5c build/default/production/mcc_generated_files/uart/src/usart1.o
                0x0000000000001c10                USART1_Initialize

.text.FLASH_PageErase
                0x0000000000001c6c       0x46
 .text.FLASH_PageErase
                0x0000000000001c6c       0x46 build/default/production/mcc_generated_files/nvm/src/nvm.o
                0x0000000000001c6c                FLASH_PageErase

.text.libgcc.div
                0x0000000000001cb2       0x44
 .text.libgcc.div
                0x0000000000001cb2       0x44 c:/program files/microchip/xc8/v2.41/avr/bin/../lib/gcc/avr/5.4.0/avrxmega4/memx-const\libgcc.a(_udivmodsi4.o)
                0x0000000000001cb2                __udivmodsi4

.text.RTC_Initialize
                0x0000000000001cf6       0x3e
 .text.RTC_Initialize
                0x0000000000001cf6       0x3e build/default/production/mcc_generated_files/timer/src/rtc.o
                0x0000000000001cf6                RTC_Initialize

.text.__wrap_printf
                0x0000000000001d34       0x32
 .text.__wrap_printf
                0x0000000000001d34       0x32 c:/program files/microchip/xc8/v2.41/avr/bin/../lib/gcc/avr/5.4.0/../../../../avr/lib/avrxmega4/memx-const\libc.a(__sio_printf_doux.o)
                0x0000000000001d34                _printf_cdopuxX

.text.libgcc.prologue
                0x0000000000001d66       0x32
 .text.libgcc.prologue
                0x0000000000001d66       0x32 c:/program files/microchip/xc8/v2.41/avr/bin/../lib/gcc/avr/5.4.0/avrxmega4/memx-const\libgcc.a(_prologue.o)
                0x0000000000001d66                __prologue_saves__

.text.__vfprintf
                0x0000000000001d98       0x30
 .text.__vfprintf
                0x0000000000001d98       0x30 c:/program files/microchip/xc8/v2.41/avr/bin/../lib/gcc/avr/5.4.0/../../../../avr/lib/avrxmega4/memx-const\libc.a(__int_vfprintf.o)
                0x0000000000001d98                __vfprintf

.text.libgcc.prologue
                0x0000000000001dc8       0x30
 .text.libgcc.prologue
                0x0000000000001dc8       0x30 c:/program files/microchip/xc8/v2.41/avr/bin/../lib/gcc/avr/5.4.0/avrxmega4/memx-const\libgcc.a(_epilogue.o)
                0x0000000000001dc8                __epilogue_restores__

.text.strlen    0x0000000000001df8       0x24
 .text.strlen   0x0000000000001df8       0x24 c:/program files/microchip/xc8/v2.41/avr/bin/../lib/gcc/avr/5.4.0/../../../../avr/lib/avrxmega4/memx-const\libc.a(strlen.o)
                0x0000000000001df8                strlen

.text.FLASH_SpmWriteWord
                0x0000000000001e1c       0x1e
 .text.FLASH_SpmWriteWord
                0x0000000000001e1c       0x1e build/default/production/mcc_generated_files/nvm/src/nvm.o

.text.SYSTEM_Initialize
                0x0000000000001e3a       0x1e
 .text.SYSTEM_Initialize
                0x0000000000001e3a       0x1e build/default/production/mcc_generated_files/system/src/system.o
                0x0000000000001e3a                SYSTEM_Initialize

.text.StartCrcScan
                0x0000000000001e58       0x1c
 .text.StartCrcScan
                0x0000000000001e58       0x1c build/default/production/main.o
                0x0000000000001e58                StartCrcScan

.text.CPUINT_Initialize
                0x0000000000001e74       0x1a
 .text.CPUINT_Initialize
                0x0000000000001e74       0x1a build/default/production/mcc_generated_files/system/src/interrupt.o
                0x0000000000001e74                CPUINT_Initialize

.text.USART1_printCHAR
                0x0000000000001e8e       0x18
 .text.USART1_printCHAR
                0x0000000000001e8e       0x18 build/default/production/mcc_generated_files/uart/src/usart1.o
                0x0000000000001e8e                USART1_printCHAR

.text.exit      0x0000000000001ea6       0x16
 .text.exit     0x0000000000001ea6       0x16 c:/program files/microchip/xc8/v2.41/avr/bin/../lib/gcc/avr/5.4.0/../../../../avr/lib/avrxmega4/memx-const\libc.a(exit.o)
                0x0000000000001ea6                exit

.text.puts      0x0000000000001ebc       0x12
 .text.puts     0x0000000000001ebc       0x12 c:/program files/microchip/xc8/v2.41/avr/bin/../lib/gcc/avr/5.4.0/../../../../avr/lib/avrxmega4/memx-const\libc.a(puts.o)
                0x0000000000001ebc                puts

.text.toupper   0x0000000000001ece       0x12
 .text.toupper  0x0000000000001ece       0x12 c:/program files/microchip/xc8/v2.41/avr/bin/../lib/gcc/avr/5.4.0/../../../../avr/lib/avrxmega4/memx-const\libc.a(toupper.o)
                0x0000000000001ece                toupper

.text.tolower   0x0000000000001ee0       0x10
 .text.tolower  0x0000000000001ee0       0x10 c:/program files/microchip/xc8/v2.41/avr/bin/../lib/gcc/avr/5.4.0/../../../../avr/lib/avrxmega4/memx-const\libc.a(tolower.o)
                0x0000000000001ee0                tolower

.text.libgcc    0x0000000000001ef0        0xe
 .text.libgcc   0x0000000000001ef0        0xe c:/program files/microchip/xc8/v2.41/avr/bin/../lib/gcc/avr/5.4.0/avrxmega4/memx-const\libgcc.a(_xload_1.o)
                0x0000000000001ef0                __xload_1

.text.CRC_Initialize
                0x0000000000001efe        0xc
 .text.CRC_Initialize
                0x0000000000001efe        0xc build/default/production/mcc_generated_files/crc/src/crc.o
                0x0000000000001efe                CRC_Initialize

.text.NVM_StatusClear
                0x0000000000001f0a        0xc
 .text.NVM_StatusClear
                0x0000000000001f0a        0xc build/default/production/mcc_generated_files/nvm/src/nvm.o
                0x0000000000001f0a                NVM_StatusClear

.text.USART1_IsTxReady
                0x0000000000001f16        0xc
 .text.USART1_IsTxReady
                0x0000000000001f16        0xc build/default/production/mcc_generated_files/uart/src/usart1.o
                0x0000000000001f16                USART1_IsTxReady

.text.NVM_Initialize
                0x0000000000001f22        0xa
 .text.NVM_Initialize
                0x0000000000001f22        0xa build/default/production/mcc_generated_files/nvm/src/nvm.o
                0x0000000000001f22                NVM_Initialize

.text.FLASH_PageAddressGet
                0x0000000000001f2c        0xa
 .text.FLASH_PageAddressGet
                0x0000000000001f2c        0xa build/default/production/mcc_generated_files/nvm/src/nvm.o
                0x0000000000001f2c                FLASH_PageAddressGet

.text.SW0_SetInterruptHandler
                0x0000000000001f36        0xa
 .text.SW0_SetInterruptHandler
                0x0000000000001f36        0xa build/default/production/mcc_generated_files/system/src/pins.o
                0x0000000000001f36                SW0_SetInterruptHandler

.text.__vector_6
                0x0000000000001f40        0xa
 .text.__vector_6
                0x0000000000001f40        0xa build/default/production/mcc_generated_files/system/src/pins.o
                0x0000000000001f40                __vector_6

.text.__vector_44
                0x0000000000001f4a        0xa
 .text.__vector_44
                0x0000000000001f4a        0xa build/default/production/mcc_generated_files/system/src/pins.o
                0x0000000000001f4a                __vector_44

.text.__vector_22
                0x0000000000001f54        0xa
 .text.__vector_22
                0x0000000000001f54        0xa build/default/production/mcc_generated_files/system/src/pins.o
                0x0000000000001f54                __vector_22

.text.__vector_45
                0x0000000000001f5e        0xa
 .text.__vector_45
                0x0000000000001f5e        0xa build/default/production/mcc_generated_files/system/src/pins.o
                0x0000000000001f5e                __vector_45

.text.__vector_34
                0x0000000000001f68        0xa
 .text.__vector_34
                0x0000000000001f68        0xa build/default/production/mcc_generated_files/system/src/pins.o
                0x0000000000001f68                __vector_34

.text.protected_write_io
                0x0000000000001f72        0xa
 .text.protected_write_io
                0x0000000000001f72        0xa build/default/production/mcc_generated_files/system/src/protected_io.o
                0x0000000000001f72                protected_write_io

.text.FLASH_Read
                0x0000000000001f7c        0x8
 .text.FLASH_Read
                0x0000000000001f7c        0x8 build/default/production/mcc_generated_files/nvm/src/nvm.o
                0x0000000000001f7c                FLASH_Read

.text.PITInterrupt
                0x0000000000001f84        0x8
 .text.PITInterrupt
                0x0000000000001f84        0x8 build/default/production/main.o
                0x0000000000001f84                PITInterrupt

.text.SwitchPressInterrupt
                0x0000000000001f8c        0x8
 .text.SwitchPressInterrupt
                0x0000000000001f8c        0x8 build/default/production/main.o
                0x0000000000001f8c                SwitchPressInterrupt

.text.FLASH_PageOffsetGet
                0x0000000000001f94        0x6
 .text.FLASH_PageOffsetGet
                0x0000000000001f94        0x6 build/default/production/mcc_generated_files/nvm/src/nvm.o
                0x0000000000001f94                FLASH_PageOffsetGet

.text           0x0000000000001f9a        0x4
 .text          0x0000000000001f9a        0x4 C:/Program Files/Microchip/MPLABX/v6.05/packs/Microchip/AVR-Dx_DFP/2.2.159/xc8/avr/lib/avrxmega4/memx-const/crtavr128da48.o
                0x0000000000001f9a                __vector_38
                0x0000000000001f9a                __vector_28
                0x0000000000001f9a                __vector_32
                0x0000000000001f9a                __vector_24
                0x0000000000001f9a                __vector_12
                0x0000000000001f9a                __vector_55
                0x0000000000001f9a                __vector_46
                0x0000000000001f9a                __bad_interrupt
                0x0000000000001f9a                __vector_31
                0x0000000000001f9a                __vector_35
                0x0000000000001f9a                __vector_39
                0x0000000000001f9a                __vector_23
                0x0000000000001f9a                __vector_30
                0x0000000000001f9a                __vector_25
                0x0000000000001f9a                __vector_11
                0x0000000000001f9a                __vector_54
                0x0000000000001f9a                __vector_13
                0x0000000000001f9a                __vector_17
                0x0000000000001f9a                __vector_19
                0x0000000000001f9a                __vector_56
                0x0000000000001f9a                __vector_7
                0x0000000000001f9a                __vector_49
                0x0000000000001f9a                __vector_41
                0x0000000000001f9a                __vector_43
                0x0000000000001f9a                __vector_27
                0x0000000000001f9a                __vector_5
                0x0000000000001f9a                __vector_33
                0x0000000000001f9a                __vector_47
                0x0000000000001f9a                __vector_52
                0x0000000000001f9a                __vector_37
                0x0000000000001f9a                __vector_51
                0x0000000000001f9a                __vector_9
                0x0000000000001f9a                __vector_2
                0x0000000000001f9a                __vector_21
                0x0000000000001f9a                __vector_15
                0x0000000000001f9a                __vector_36
                0x0000000000001f9a                __vector_40
                0x0000000000001f9a                __vector_8
                0x0000000000001f9a                __vector_26
                0x0000000000001f9a                __vector_48
                0x0000000000001f9a                __vector_14
                0x0000000000001f9a                __vector_57
                0x0000000000001f9a                __vector_53
                0x0000000000001f9a                __vector_10
                0x0000000000001f9a                __vector_50
                0x0000000000001f9a                __vector_16
                0x0000000000001f9a                __vector_18
                0x0000000000001f9a                __vector_20
                0x0000000000001f9a                __vector_42

.text._Exit     0x0000000000001f9e        0x4
 .text._Exit    0x0000000000001f9e        0x4 c:/program files/microchip/xc8/v2.41/avr/bin/../lib/gcc/avr/5.4.0/../../../../avr/lib/avrxmega4/memx-const\libc.a(_Exit.o)
                0x0000000000001f9e                _Exit

.text.__vector_1
                0x0000000000001fa2        0x2
 .text.__vector_1
                0x0000000000001fa2        0x2 build/default/production/mcc_generated_files/crc/src/crc.o
                0x0000000000001fa2                __vector_1

.text.IO_PC1_DefaultInterruptHandler
                0x0000000000001fa4        0x2
 .text.IO_PC1_DefaultInterruptHandler
                0x0000000000001fa4        0x2 build/default/production/mcc_generated_files/system/src/pins.o
                0x0000000000001fa4                IO_PC1_DefaultInterruptHandler

.text.IO_PC0_DefaultInterruptHandler
                0x0000000000001fa6        0x2
 .text.IO_PC0_DefaultInterruptHandler
                0x0000000000001fa6        0x2 build/default/production/mcc_generated_files/system/src/pins.o
                0x0000000000001fa6                IO_PC0_DefaultInterruptHandler

.text.SW0_DefaultInterruptHandler
                0x0000000000001fa8        0x2
 .text.SW0_DefaultInterruptHandler
                0x0000000000001fa8        0x2 build/default/production/mcc_generated_files/system/src/pins.o
                0x0000000000001fa8                SW0_DefaultInterruptHandler

.text.LED0_DefaultInterruptHandler
                0x0000000000001faa        0x2
 .text.LED0_DefaultInterruptHandler
                0x0000000000001faa        0x2 build/default/production/mcc_generated_files/system/src/pins.o
                0x0000000000001faa                LED0_DefaultInterruptHandler

.text.USART1_DefaultFramingErrorCallback
                0x0000000000001fac        0x2
 .text.USART1_DefaultFramingErrorCallback
                0x0000000000001fac        0x2 build/default/production/mcc_generated_files/uart/src/usart1.o

.text.USART1_DefaultOverrunErrorCallback
                0x0000000000001fae        0x2
 .text.USART1_DefaultOverrunErrorCallback
                0x0000000000001fae        0x2 build/default/production/mcc_generated_files/uart/src/usart1.o

.text.USART1_DefaultParityErrorCallback
                0x0000000000001fb0        0x2
 .text.USART1_DefaultParityErrorCallback
                0x0000000000001fb0        0x2 build/default/production/mcc_generated_files/uart/src/usart1.o

.text.__dummy_fini
                0x0000000000001fb2        0x2
 .text.__dummy_fini
                0x0000000000001fb2        0x2 c:/program files/microchip/xc8/v2.41/avr/bin/../lib/gcc/avr/5.4.0/../../../../avr/lib/avrxmega4/memx-const\libc.a(exit.o)
                0x0000000000001fb2                _fini

.text.__dummy_funcs_on_exit
                0x0000000000001fb4        0x2
 .text.__dummy_funcs_on_exit
                0x0000000000001fb4        0x2 c:/program files/microchip/xc8/v2.41/avr/bin/../lib/gcc/avr/5.4.0/../../../../avr/lib/avrxmega4/memx-const\libc.a(exit.o)
                0x0000000000001fb4                __funcs_on_exit

.text.__dummy_simulator_exit
                0x0000000000001fb6        0x2
 .text.__dummy_simulator_exit
                0x0000000000001fb6        0x2 c:/program files/microchip/xc8/v2.41/avr/bin/../lib/gcc/avr/5.4.0/../../../../avr/lib/avrxmega4/memx-const\libc.a(exit.o)
                0x0000000000001fb6                __simulator_exit

.data.USART1_stream
                0x0000000000804002       0x11 load address 0x0000000000001fb8
 .data.USART1_stream
                0x0000000000804002       0x11 build/default/production/mcc_generated_files/uart/src/usart1.o
                0x0000000000804002                USART1_stream

.data.crcStoredAddress
                0x0000000000804017        0x4 load address 0x0000000000001fc9
 .data.crcStoredAddress
                0x0000000000804017        0x4 build/default/production/main.o
                0x0000000000804017                crcStoredAddress

.data._stdout   0x0000000000804031        0x2 load address 0x0000000000001fcd
 .data._stdout  0x0000000000804031        0x2 c:/program files/microchip/xc8/v2.41/avr/bin/../lib/gcc/avr/5.4.0/../../../../avr/lib/avrxmega4/memx-const\libc.a(stdout.o)
                0x0000000000804031                _stdout

.data.byteToBeWritten
                0x0000000000804035        0x1 load address 0x0000000000001fcf
 .data.byteToBeWritten
                0x0000000000804035        0x1 build/default/production/main.o
                0x0000000000804035                byteToBeWritten

.data.pitInterruptFlag
                0x0000000000804037        0x1 load address 0x0000000000001fd0
 .data.pitInterruptFlag
                0x0000000000804037        0x1 build/default/production/main.o
                0x0000000000804037                pitInterruptFlag
